2025-03-09 17:44:41,438 - discord.client - WARNING - PyNaCl is not installed, voice will NOT be supported
2025-03-09 17:44:41,440 - discord.client - INFO - logging in using static token
2025-03-09 17:44:41,660 - LeaderboardBot - CRITICAL - Invalid token provided
2025-03-09 17:46:36,428 - discord.client - WARNING - PyNaCl is not installed, voice will NOT be supported
2025-03-09 17:46:36,431 - discord.client - INFO - logging in using static token
2025-03-09 17:46:37,381 - discord.gateway - INFO - Shard ID None has connected to Gateway (Session ID: 8e54c963255e41d4745ab3eb4c8dc1fc).
2025-03-09 17:46:39,407 - LeaderboardBot - INFO - SpedBoard#9784 has connected to Discord!
2025-03-09 17:47:05,018 - LeaderboardBot - INFO - ninjawith0skills requested spedness leaderboard
2025-03-09 17:51:21,782 - discord.client - WARNING - PyNaCl is not installed, voice will NOT be supported
2025-03-09 17:51:21,785 - discord.client - INFO - logging in using static token
2025-03-09 17:51:22,580 - LeaderboardBot - INFO - Slash commands synced with Discord
2025-03-09 17:51:22,984 - discord.gateway - INFO - Shard ID None has connected to Gateway (Session ID: dc3bb6adfe6f4e4a6ab0f7934fbe8d15).
2025-03-09 17:51:24,988 - LeaderboardBot - INFO - SpedBoard#9784 has connected to Discord!
2025-03-09 17:51:24,988 - LeaderboardBot - INFO - Invite URL: https://discord.com/api/oauth2/authorize?client_id=1311873679722024961&permissions=2147483648&scope=bot%20applications.commands
2025-03-09 17:59:27,696 - discord.client - WARNING - PyNaCl is not installed, voice will NOT be supported
2025-03-09 17:59:27,700 - discord.client - INFO - logging in using static token
2025-03-09 17:59:28,472 - LeaderboardBot - INFO - Slash commands synced with Discord
2025-03-09 17:59:28,824 - discord.gateway - INFO - Shard ID None has connected to Gateway (Session ID: 492dd3cce1c322eee1eb8955a1276666).
2025-03-09 17:59:30,830 - LeaderboardBot - INFO - SpedBoard#9784 has connected to Discord!
2025-03-09 17:59:30,831 - LeaderboardBot - INFO - Invite URL: https://discord.com/api/oauth2/authorize?client_id=1311873679722024961&permissions=2147483648&scope=bot%20applications.commands
2025-03-09 18:00:36,375 - discord.ext.commands.bot - ERROR - Ignoring exception in command None
discord.ext.commands.errors.CommandNotFound: Command "add" is not found
2025-03-09 18:03:26,410 - LeaderboardBot - INFO - ninjawith0skills requested help
2025-03-09 18:04:27,016 - LeaderboardBot - INFO - Authorized users saved successfully
2025-03-09 18:04:27,350 - LeaderboardBot - INFO - ninjawith0skills authorized funnyboi to use commands
2025-03-09 18:04:39,227 - LeaderboardBot - INFO - Scores saved successfully
2025-03-09 18:04:39,441 - LeaderboardBot - INFO - funnyboi added 1 spedness point to ninjawith0skills
2025-03-09 18:04:55,336 - LeaderboardBot - INFO - Authorized users saved successfully
2025-03-09 18:04:55,634 - LeaderboardBot - INFO - ninjawith0skills unauthorized funnyboi from using commands
2025-03-09 18:17:40,061 - discord.client - WARNING - PyNaCl is not installed, voice will NOT be supported
2025-03-09 18:17:40,071 - discord.client - INFO - logging in using static token
2025-03-09 18:17:40,793 - LeaderboardBot - INFO - Slash commands synced with Discord
2025-03-09 18:17:41,323 - discord.gateway - INFO - Shard ID None has connected to Gateway (Session ID: dd624ffabf3a37ba06e5e8e33ff10a78).
2025-03-09 18:17:43,323 - LeaderboardBot - INFO - SpedBoard#9784 has connected to Discord!
2025-03-09 18:17:43,325 - LeaderboardBot - INFO - Invite URL: https://discord.com/api/oauth2/authorize?client_id=1311873679722024961&permissions=2147483648&scope=bot%20applications.commands
2025-03-09 18:18:17,883 - LeaderboardBot - INFO - ninjawith0skills requested help
2025-03-09 18:18:28,981 - LeaderboardBot - INFO - Scores saved successfully
2025-03-09 18:18:29,195 - LeaderboardBot - INFO - ninjawith0skills added 1 spedness point to funnyboi
2025-03-09 18:18:44,448 - LeaderboardBot - INFO - ninjawith0skills requested spedness leaderboard
2025-03-09 18:19:06,194 - LeaderboardBot - INFO - Scores saved successfully
2025-03-09 18:19:14,222 - LeaderboardBot - INFO - Scores saved successfully
2025-03-09 18:19:14,455 - LeaderboardBot - INFO - ninjawith0skills removed 1 spedness point from SpedBoard#9784
2025-03-09 18:19:18,031 - LeaderboardBot - INFO - Scores saved successfully
2025-03-09 18:19:18,240 - LeaderboardBot - INFO - ninjawith0skills removed 1 spedness point from SpedBoard#9784
2025-03-09 18:19:21,177 - LeaderboardBot - INFO - Scores saved successfully
2025-03-09 18:19:21,421 - LeaderboardBot - INFO - ninjawith0skills removed 1 spedness point from SpedBoard#9784
2025-03-09 18:19:25,082 - LeaderboardBot - INFO - Scores saved successfully
2025-03-09 18:19:25,287 - LeaderboardBot - INFO - ninjawith0skills removed 1 spedness point from SpedBoard#9784
